// Jest Snapshot v1, https://goo.gl/fbAQLP

exports[`<Main /> should render the heading 1`] = `
<main
  class="styles__Wrapper-sc-dzx1ao-0 VFBNQ"
>
  <img
    alt="Logo: imagem de um átomo, escrito 'React Avançado' ao lado"
    class="styles__Logo-sc-dzx1ao-1 fqmfdP"
    src="/img/logo.svg"
  />
  <h1
    class="styles__Title-sc-dzx1ao-2 iwViSR"
  >
    React Avançado
  </h1>
  <h2
    class="styles__Description-sc-dzx1ao-3 filQvO"
  >
    Typescript, React, NextJs and Styled Components
  </h2>
  <img
    alt="Pessoa de costas sentada em uma cadeira, usando o computador"
    class="styles__Logo-sc-dzx1ao-1 fqmfdP"
    src="/img/hero-illustration.svg"
  />
</main>
`;
